// Jest Snapshot v1, https://goo.gl/fbAQLP

exports[`<Review /> Review component snapshot matches what is expected 1`] = `
<li
  className="Review"
>
  <span
    className="Review__identity bold flex-center"
  >
    <img
      alt="User"
      className="Review__image"
      src="URL"
    />
    <span
      className="Review__author"
    >
      Some Name
    </span>
  </span>
  <div
    className="Review__rating"
  >
    <RatingBar
      className="Review__rating-bar"
      rating={3.2}
      small={true}
    />
    <span
      className="Review__time-stamp"
    >
      10 April 2018
    </span>
  </div>
  <span
    className="Review__text"
  >
    Text
  </span>
</li>
`;
